Using profiles profiles/default/ and workflow specific profile profiles/default for setting default command line arguments.
Config file ../config/config-glicid-scratch.yml is extended by additional config specified via the command line.
Building DAG of jobs...
Your conda installation is not configured to use strict channel priorities. This is however important for having robust and correct environments (for details, see https://conda-forge.org/docs/user/tipsandtricks.html). Please consider to configure strict priorities by executing 'conda config --set channel_priority strict'.
Creating report...
Adding CD1.report.html (2.45 MB).
Adding CD2.report.html (2.53 MB).
Adding HP1.report.html (2.29 MB).
Adding HP2.report.html (2.32 MB).
Adding HP3.report.html (2.31 MB).
Adding LB.report.html (2.24 MB).
Adding MF.report.html (2.38 MB).
Adding MN.report.html (2.23 MB).
Adding MS.report.html (2.52 MB).
Loading script code for rule pc_fs
Loading script code for rule plot_pca
Loading script code for rule umap_fs
Loading script code for rule plot_umap
Loading script code for rule plot_rcc
Loading script code for rule plot_rcc_gp
Loading script code for rule flag_gapfilled
Loading script code for rule median_flux_matrix
Loading script code for rule pc_median_fs
Loading script code for rule plot_pca_median_fs
Loading script code for rule all_flux_matrix
Report created.
